[2025-08-06T18:24:10.443+0000] {providers_manager.py:953} INFO - The hook_class 'airflow.providers.standard.hooks.filesystem.FSHook' is not fully initialized (UI widgets will be missing), because the 'flask_appbuilder' package is not installed, however it is not required for Airflow components to work
[2025-08-06T18:24:10.444+0000] {providers_manager.py:953} INFO - The hook_class 'airflow.providers.standard.hooks.package_index.PackageIndexHook' is not fully initialized (UI widgets will be missing), because the 'flask_appbuilder' package is not installed, however it is not required for Airflow components to work
  ____________       _____________
 ____    |__( )_________  __/__  /________      __
____  /| |_  /__  ___/_  /_ __  /_  __ \_ | /| / /
___  ___ |  / _  /   _  __/ _  / / /_/ /_ |/ |/ /
 _/_/  |_/_/  /_/    /_/    /_/  \____/____/|__/
[2025-08-06 18:24:11 +0000] [99099] [INFO] Starting gunicorn 23.0.0
[2025-08-06 18:24:11 +0000] [99099] [ERROR] Connection in use: ('::', 8793)
[2025-08-06 18:24:11 +0000] [99099] [ERROR] connection to ('::', 8793) failed: [Errno 98] Address already in use
[2025-08-06T18:24:11.277+0000] {scheduler_job_runner.py:989} INFO - Starting the scheduler
[2025-08-06T18:24:11.279+0000] {executor_loader.py:269} INFO - Loaded executor: :LocalExecutor:
[2025-08-06T18:24:11.283+0000] {scheduler_job_runner.py:2143} INFO - Adopting or resetting orphaned tasks for active dag runs
[2025-08-06 18:24:12 +0000] [99099] [ERROR] Connection in use: ('::', 8793)
[2025-08-06 18:24:12 +0000] [99099] [ERROR] connection to ('::', 8793) failed: [Errno 98] Address already in use
[2025-08-06 18:24:13 +0000] [99099] [ERROR] Connection in use: ('::', 8793)
[2025-08-06 18:24:13 +0000] [99099] [ERROR] connection to ('::', 8793) failed: [Errno 98] Address already in use
[2025-08-06 18:24:14 +0000] [99099] [ERROR] Connection in use: ('::', 8793)
[2025-08-06 18:24:14 +0000] [99099] [ERROR] connection to ('::', 8793) failed: [Errno 98] Address already in use
[2025-08-06 18:24:15 +0000] [99099] [ERROR] Connection in use: ('::', 8793)
[2025-08-06 18:24:15 +0000] [99099] [ERROR] connection to ('::', 8793) failed: [Errno 98] Address already in use
[2025-08-06 18:24:16 +0000] [99099] [ERROR] Can't connect to ('::', 8793)
Dag run  in running state
Dag information Queued at: 2025-08-06 18:24:17.679168+00:00 version: 1
[2025-08-06T18:24:18.381+0000] {scheduler_job_runner.py:450} INFO - 1 tasks up for execution:
	<TaskInstance: etl_kpi_dag.ingest_bronze manual__2025-08-06T18:24:17.382877+00:00_MThUcefB [scheduled]>
[2025-08-06T18:24:18.381+0000] {scheduler_job_runner.py:522} INFO - DAG etl_kpi_dag has 0/16 running and queued tasks
[2025-08-06T18:24:18.381+0000] {scheduler_job_runner.py:661} INFO - Setting the following tasks to queued state:
	<TaskInstance: etl_kpi_dag.ingest_bronze manual__2025-08-06T18:24:17.382877+00:00_MThUcefB [scheduled]>
[2025-08-06T18:24:18.382+0000] {scheduler_job_runner.py:767} INFO - Trying to enqueue tasks: [<TaskInstance: etl_kpi_dag.ingest_bronze manual__2025-08-06T18:24:17.382877+00:00_MThUcefB [scheduled]>] for executor: LocalExecutor(parallelism=32)
[2025-08-06T18:24:18.391+0000] {local_executor.py:61} INFO - Worker starting up pid=99240
2025-08-06 18:24:18 [info     ] Secrets backends loaded for worker [supervisor] backend_classes=['EnvironmentVariablesBackend'] count=1
/home/vallabh/vallabh/assign/venv/lib/python3.12/site-packages/airflow/sdk/execution_time/supervisor.py:466 DeprecationWarning: This process (pid=99240) is multi-threaded, use of fork() may lead to deadlocks in the child.
[2025-08-06T18:24:18.681+0000] {_client.py:1025} INFO - HTTP Request: PATCH http://localhost:8080/execution/task-instances/019880a0-7b1c-7391-ab71-cc828eff8559/run "HTTP/1.1 200 OK"
2025-08-06 18:24:18 [debug    ] Sending                        [supervisor] msg=StartupDetails(ti=TaskInstance(id=UUID('019880a0-7b1c-7391-ab71-cc828eff8559'), task_id='ingest_bronze', dag_id='etl_kpi_dag', run_id='manual__2025-08-06T18:24:17.382877+00:00_MThUcefB', try_number=1, map_index=-1, pool_slots=1, queue='default', priority_weight=3, executor_config={}, parent_context_carrier={}, context_carrier=None, queued_dttm=None), dag_rel_path='etl_kpi_dag.py', bundle_info=BundleInfo(name='dags-folder', version=None), start_date=datetime.datetime(2025, 8, 6, 18, 24, 18, 494791, tzinfo=datetime.timezone.utc), ti_context=TIRunContext(dag_run=DagRun(dag_id='etl_kpi_dag', run_id='manual__2025-08-06T18:24:17.382877+00:00_MThUcefB', logical_date=None, data_interval_start=None, data_interval_end=None, run_after=datetime.datetime(2025, 8, 6, 18, 24, 17, 382877, tzinfo=TzInfo(UTC)), start_date=datetime.datetime(2025, 8, 6, 18, 24, 18, 337861, tzinfo=TzInfo(UTC)), end_date=None, clear_number=0, run_type=<DagRunType.MANUAL: 'manual'>, conf={}, consumed_asset_events=[]), task_reschedule_count=0, max_tries=1, variables=[], connections=[], upstream_map_indexes={}, next_method=None, next_kwargs=None, xcom_keys_to_clear=[], should_retry=True), type='StartupDetails')
[2025-08-06T18:24:18.707+0000] {_client.py:1025} INFO - HTTP Request: PUT http://localhost:8080/execution/task-instances/019880a0-7b1c-7391-ab71-cc828eff8559/heartbeat "HTTP/1.1 204 No Content"
2025-08-06 18:24:18 [debug    ] Received message from task runner [supervisor] msg=SetRenderedFields(rendered_fields={'bash_command': 'python ~/vallabh/assign/ingest_bronze.py', 'env': None, 'cwd': None}, type='SetRenderedFields')
[2025-08-06T18:24:18.754+0000] {_client.py:1025} INFO - HTTP Request: PUT http://localhost:8080/execution/task-instances/019880a0-7b1c-7391-ab71-cc828eff8559/rtif "HTTP/1.1 201 Created"
2025-08-06 18:24:22 [debug    ] Received message from task runner [supervisor] msg=SetXCom(key='return_value', value='[Bronze] Ingestion complete', dag_id='etl_kpi_dag', run_id='manual__2025-08-06T18:24:17.382877+00:00_MThUcefB', task_id='ingest_bronze', map_index=-1, mapped_length=None, type='SetXCom')
[2025-08-06T18:24:22.948+0000] {_client.py:1025} INFO - HTTP Request: POST http://localhost:8080/execution/xcoms/etl_kpi_dag/manual__2025-08-06T18:24:17.382877+00:00_MThUcefB/ingest_bronze/return_value "HTTP/1.1 201 Created"
2025-08-06 18:24:22 [debug    ] Received message from task runner [supervisor] msg=SucceedTask(state='success', end_date=datetime.datetime(2025, 8, 6, 18, 24, 22, 948944, tzinfo=datetime.timezone.utc), task_outlets=[], outlet_events=[], rendered_map_index=None, type='SucceedTask')
[2025-08-06T18:24:22.979+0000] {_client.py:1025} INFO - HTTP Request: PATCH http://localhost:8080/execution/task-instances/019880a0-7b1c-7391-ab71-cc828eff8559/state "HTTP/1.1 204 No Content"
2025-08-06 18:24:22 [info     ] Task finished                  [supervisor] duration=4.498008883034345 exit_code=0 final_state=success
[2025-08-06T18:24:23.442+0000] {scheduler_job_runner.py:450} INFO - 1 tasks up for execution:
	<TaskInstance: etl_kpi_dag.ingest_gold manual__2025-08-06T18:24:17.382877+00:00_MThUcefB [scheduled]>
[2025-08-06T18:24:23.442+0000] {scheduler_job_runner.py:522} INFO - DAG etl_kpi_dag has 0/16 running and queued tasks
[2025-08-06T18:24:23.443+0000] {scheduler_job_runner.py:661} INFO - Setting the following tasks to queued state:
	<TaskInstance: etl_kpi_dag.ingest_gold manual__2025-08-06T18:24:17.382877+00:00_MThUcefB [scheduled]>
[2025-08-06T18:24:23.444+0000] {scheduler_job_runner.py:767} INFO - Trying to enqueue tasks: [<TaskInstance: etl_kpi_dag.ingest_gold manual__2025-08-06T18:24:17.382877+00:00_MThUcefB [scheduled]>] for executor: LocalExecutor(parallelism=32)
[2025-08-06T18:24:23.455+0000] {scheduler_job_runner.py:810} INFO - Received executor event with state success for task instance TaskInstanceKey(dag_id='etl_kpi_dag', task_id='ingest_bronze', run_id='manual__2025-08-06T18:24:17.382877+00:00_MThUcefB', try_number=1, map_index=-1)
[2025-08-06T18:24:23.466+0000] {scheduler_job_runner.py:852} INFO - TaskInstance Finished: dag_id=etl_kpi_dag, task_id=ingest_bronze, run_id=manual__2025-08-06T18:24:17.382877+00:00_MThUcefB, map_index=-1, run_start_date=2025-08-06 18:24:18.494791+00:00, run_end_date=2025-08-06 18:24:22.948944+00:00, run_duration=8.454, state=success, executor=LocalExecutor(parallelism=32), executor_state=success, try_number=1, max_tries=1, pool=default_pool, queue=default, priority_weight=3, operator=BashOperator, queued_dttm=2025-08-06 18:24:18.382249+00:00, scheduled_dttm=2025-08-06 18:24:18.365679+00:00,queued_by_job_id=4, pid=99241
2025-08-06 18:24:23 [info     ] Secrets backends loaded for worker [supervisor] backend_classes=['EnvironmentVariablesBackend'] count=1
[2025-08-06T18:24:23.696+0000] {_client.py:1025} INFO - HTTP Request: PATCH http://localhost:8080/execution/task-instances/019880a0-7b1d-72ee-a605-9d6833546fd5/run "HTTP/1.1 200 OK"
2025-08-06 18:24:23 [debug    ] Sending                        [supervisor] msg=StartupDetails(ti=TaskInstance(id=UUID('019880a0-7b1d-72ee-a605-9d6833546fd5'), task_id='ingest_gold', dag_id='etl_kpi_dag', run_id='manual__2025-08-06T18:24:17.382877+00:00_MThUcefB', try_number=1, map_index=-1, pool_slots=1, queue='default', priority_weight=2, executor_config={}, parent_context_carrier={}, context_carrier=None, queued_dttm=None), dag_rel_path='etl_kpi_dag.py', bundle_info=BundleInfo(name='dags-folder', version=None), start_date=datetime.datetime(2025, 8, 6, 18, 24, 23, 475054, tzinfo=datetime.timezone.utc), ti_context=TIRunContext(dag_run=DagRun(dag_id='etl_kpi_dag', run_id='manual__2025-08-06T18:24:17.382877+00:00_MThUcefB', logical_date=None, data_interval_start=None, data_interval_end=None, run_after=datetime.datetime(2025, 8, 6, 18, 24, 17, 382877, tzinfo=TzInfo(UTC)), start_date=datetime.datetime(2025, 8, 6, 18, 24, 18, 337861, tzinfo=TzInfo(UTC)), end_date=None, clear_number=0, run_type=<DagRunType.MANUAL: 'manual'>, conf={}, consumed_asset_events=[]), task_reschedule_count=0, max_tries=1, variables=[], connections=[], upstream_map_indexes={'ingest_bronze': None}, next_method=None, next_kwargs=None, xcom_keys_to_clear=[], should_retry=True), type='StartupDetails')
[2025-08-06T18:24:23.772+0000] {_client.py:1025} INFO - HTTP Request: PUT http://localhost:8080/execution/task-instances/019880a0-7b1d-72ee-a605-9d6833546fd5/heartbeat "HTTP/1.1 204 No Content"
2025-08-06 18:24:23 [debug    ] Received message from task runner [supervisor] msg=SetRenderedFields(rendered_fields={'bash_command': 'python ~/vallabh/assign/ingest_gold.py', 'env': None, 'cwd': None}, type='SetRenderedFields')
[2025-08-06T18:24:23.820+0000] {_client.py:1025} INFO - HTTP Request: PUT http://localhost:8080/execution/task-instances/019880a0-7b1d-72ee-a605-9d6833546fd5/rtif "HTTP/1.1 201 Created"
[2025-08-06T18:24:31.169+0000] {_client.py:1025} INFO - HTTP Request: PUT http://localhost:8080/execution/task-instances/019880a0-7b1d-72ee-a605-9d6833546fd5/heartbeat "HTTP/1.1 204 No Content"
[2025-08-06T18:24:40.916+0000] {_client.py:1025} INFO - HTTP Request: PUT http://localhost:8080/execution/task-instances/019880a0-7b1d-72ee-a605-9d6833546fd5/heartbeat "HTTP/1.1 204 No Content"
[2025-08-06T18:24:45.962+0000] {_client.py:1025} INFO - HTTP Request: PUT http://localhost:8080/execution/task-instances/019880a0-7b1d-72ee-a605-9d6833546fd5/heartbeat "HTTP/1.1 204 No Content"
[2025-08-06T18:24:51.033+0000] {_client.py:1025} INFO - HTTP Request: PUT http://localhost:8080/execution/task-instances/019880a0-7b1d-72ee-a605-9d6833546fd5/heartbeat "HTTP/1.1 204 No Content"
[2025-08-06T18:24:56.056+0000] {_client.py:1025} INFO - HTTP Request: PUT http://localhost:8080/execution/task-instances/019880a0-7b1d-72ee-a605-9d6833546fd5/heartbeat "HTTP/1.1 204 No Content"
[2025-08-06T18:25:01.092+0000] {_client.py:1025} INFO - HTTP Request: PUT http://localhost:8080/execution/task-instances/019880a0-7b1d-72ee-a605-9d6833546fd5/heartbeat "HTTP/1.1 204 No Content"
2025-08-06 18:25:05 [debug    ] Received message from task runner [supervisor] msg=SetXCom(key='return_value', value='✅ Step 4 complete: Star schema + KPIs created.', dag_id='etl_kpi_dag', run_id='manual__2025-08-06T18:24:17.382877+00:00_MThUcefB', task_id='ingest_gold', map_index=-1, mapped_length=None, type='SetXCom')
[2025-08-06T18:25:05.993+0000] {_client.py:1025} INFO - HTTP Request: POST http://localhost:8080/execution/xcoms/etl_kpi_dag/manual__2025-08-06T18:24:17.382877+00:00_MThUcefB/ingest_gold/return_value "HTTP/1.1 201 Created"
2025-08-06 18:25:05 [debug    ] Received message from task runner [supervisor] msg=SucceedTask(state='success', end_date=datetime.datetime(2025, 8, 6, 18, 25, 5, 994059, tzinfo=datetime.timezone.utc), task_outlets=[], outlet_events=[], rendered_map_index=None, type='SucceedTask')
[2025-08-06T18:25:06.020+0000] {_client.py:1025} INFO - HTTP Request: PATCH http://localhost:8080/execution/task-instances/019880a0-7b1d-72ee-a605-9d6833546fd5/state "HTTP/1.1 204 No Content"
2025-08-06 18:25:06 [info     ] Task finished                  [supervisor] duration=42.55812868097564 exit_code=0 final_state=success
[2025-08-06T18:25:06.464+0000] {scheduler_job_runner.py:450} INFO - 1 tasks up for execution:
	<TaskInstance: etl_kpi_dag.refresh_kpi manual__2025-08-06T18:24:17.382877+00:00_MThUcefB [scheduled]>
[2025-08-06T18:25:06.464+0000] {scheduler_job_runner.py:522} INFO - DAG etl_kpi_dag has 0/16 running and queued tasks
[2025-08-06T18:25:06.465+0000] {scheduler_job_runner.py:661} INFO - Setting the following tasks to queued state:
	<TaskInstance: etl_kpi_dag.refresh_kpi manual__2025-08-06T18:24:17.382877+00:00_MThUcefB [scheduled]>
[2025-08-06T18:25:06.466+0000] {scheduler_job_runner.py:767} INFO - Trying to enqueue tasks: [<TaskInstance: etl_kpi_dag.refresh_kpi manual__2025-08-06T18:24:17.382877+00:00_MThUcefB [scheduled]>] for executor: LocalExecutor(parallelism=32)
[2025-08-06T18:25:06.480+0000] {scheduler_job_runner.py:810} INFO - Received executor event with state success for task instance TaskInstanceKey(dag_id='etl_kpi_dag', task_id='ingest_gold', run_id='manual__2025-08-06T18:24:17.382877+00:00_MThUcefB', try_number=1, map_index=-1)
[2025-08-06T18:25:06.482+0000] {scheduler_job_runner.py:852} INFO - TaskInstance Finished: dag_id=etl_kpi_dag, task_id=ingest_gold, run_id=manual__2025-08-06T18:24:17.382877+00:00_MThUcefB, map_index=-1, run_start_date=2025-08-06 18:24:23.475054+00:00, run_end_date=2025-08-06 18:25:05.994059+00:00, run_duration=24.519, state=success, executor=LocalExecutor(parallelism=32), executor_state=success, try_number=1, max_tries=1, pool=default_pool, queue=default, priority_weight=2, operator=BashOperator, queued_dttm=2025-08-06 18:24:23.443805+00:00, scheduled_dttm=2025-08-06 18:24:23.422125+00:00,queued_by_job_id=4, pid=99497
2025-08-06 18:25:06 [info     ] Secrets backends loaded for worker [supervisor] backend_classes=['EnvironmentVariablesBackend'] count=1
[2025-08-06T18:25:06.525+0000] {_client.py:1025} INFO - HTTP Request: PATCH http://localhost:8080/execution/task-instances/019880a0-7b1e-732c-875d-b0f581ab5534/run "HTTP/1.1 200 OK"
2025-08-06 18:25:06 [debug    ] Sending                        [supervisor] msg=StartupDetails(ti=TaskInstance(id=UUID('019880a0-7b1e-732c-875d-b0f581ab5534'), task_id='refresh_kpi', dag_id='etl_kpi_dag', run_id='manual__2025-08-06T18:24:17.382877+00:00_MThUcefB', try_number=1, map_index=-1, pool_slots=1, queue='default', priority_weight=1, executor_config={}, parent_context_carrier={}, context_carrier=None, queued_dttm=None), dag_rel_path='etl_kpi_dag.py', bundle_info=BundleInfo(name='dags-folder', version=None), start_date=datetime.datetime(2025, 8, 6, 18, 25, 6, 494679, tzinfo=datetime.timezone.utc), ti_context=TIRunContext(dag_run=DagRun(dag_id='etl_kpi_dag', run_id='manual__2025-08-06T18:24:17.382877+00:00_MThUcefB', logical_date=None, data_interval_start=None, data_interval_end=None, run_after=datetime.datetime(2025, 8, 6, 18, 24, 17, 382877, tzinfo=TzInfo(UTC)), start_date=datetime.datetime(2025, 8, 6, 18, 24, 18, 337861, tzinfo=TzInfo(UTC)), end_date=None, clear_number=0, run_type=<DagRunType.MANUAL: 'manual'>, conf={}, consumed_asset_events=[]), task_reschedule_count=0, max_tries=1, variables=[], connections=[], upstream_map_indexes={'ingest_gold': None}, next_method=None, next_kwargs=None, xcom_keys_to_clear=[], should_retry=True), type='StartupDetails')
[2025-08-06T18:25:06.547+0000] {_client.py:1025} INFO - HTTP Request: PUT http://localhost:8080/execution/task-instances/019880a0-7b1e-732c-875d-b0f581ab5534/heartbeat "HTTP/1.1 204 No Content"
2025-08-06 18:25:06 [debug    ] Received message from task runner [supervisor] msg=SetRenderedFields(rendered_fields={'bash_command': "echo 'KPIs computed in ingest_gold step'", 'env': None, 'cwd': None}, type='SetRenderedFields')
[2025-08-06T18:25:06.671+0000] {_client.py:1025} INFO - HTTP Request: PUT http://localhost:8080/execution/task-instances/019880a0-7b1e-732c-875d-b0f581ab5534/rtif "HTTP/1.1 201 Created"
2025-08-06 18:25:06 [debug    ] Received message from task runner [supervisor] msg=SetXCom(key='return_value', value='KPIs computed in ingest_gold step', dag_id='etl_kpi_dag', run_id='manual__2025-08-06T18:24:17.382877+00:00_MThUcefB', task_id='refresh_kpi', map_index=-1, mapped_length=None, type='SetXCom')
[2025-08-06T18:25:06.706+0000] {_client.py:1025} INFO - HTTP Request: POST http://localhost:8080/execution/xcoms/etl_kpi_dag/manual__2025-08-06T18:24:17.382877+00:00_MThUcefB/refresh_kpi/return_value "HTTP/1.1 201 Created"
2025-08-06 18:25:06 [debug    ] Received message from task runner [supervisor] msg=SucceedTask(state='success', end_date=datetime.datetime(2025, 8, 6, 18, 25, 6, 707425, tzinfo=datetime.timezone.utc), task_outlets=[], outlet_events=[], rendered_map_index=None, type='SucceedTask')
[2025-08-06T18:25:06.732+0000] {_client.py:1025} INFO - HTTP Request: PATCH http://localhost:8080/execution/task-instances/019880a0-7b1e-732c-875d-b0f581ab5534/state "HTTP/1.1 204 No Content"
2025-08-06 18:25:06 [info     ] Task finished                  [supervisor] duration=0.24826177000068128 exit_code=0 final_state=success
[2025-08-06T18:25:07.341+0000] {scheduler_job_runner.py:810} INFO - Received executor event with state success for task instance TaskInstanceKey(dag_id='etl_kpi_dag', task_id='refresh_kpi', run_id='manual__2025-08-06T18:24:17.382877+00:00_MThUcefB', try_number=1, map_index=-1)
[2025-08-06T18:25:07.346+0000] {scheduler_job_runner.py:852} INFO - TaskInstance Finished: dag_id=etl_kpi_dag, task_id=refresh_kpi, run_id=manual__2025-08-06T18:24:17.382877+00:00_MThUcefB, map_index=-1, run_start_date=2025-08-06 18:25:06.494679+00:00, run_end_date=2025-08-06 18:25:06.707425+00:00, run_duration=0.212, state=success, executor=LocalExecutor(parallelism=32), executor_state=success, try_number=1, max_tries=1, pool=default_pool, queue=default, priority_weight=1, operator=BashOperator, queued_dttm=2025-08-06 18:25:06.465772+00:00, scheduled_dttm=2025-08-06 18:25:06.445998+00:00,queued_by_job_id=4, pid=1198
[2025-08-06T18:29:11.279+0000] {scheduler_job_runner.py:2143} INFO - Adopting or resetting orphaned tasks for active dag runs
